=== RUN   TestUserRepository_Integration
--- FAIL: TestUserRepository_Integration (0.00s)
panic: rootless Docker is not supported on Windows [recovered, repanicked]

goroutine 8 [running]:
testing.tRunner.func1.2({0x10276e0, 0x2409dd0})
	C:/Program Files (x86)/Go/src/testing/testing.go:1872 +0x291
testing.tRunner.func1()
	C:/Program Files (x86)/Go/src/testing/testing.go:1875 +0x3fb
panic({0x10276e0, 0x2409dd0})
	C:/Program Files (x86)/Go/src/runtime/panic.go:783 +0xf6
github.com/testcontainers/testcontainers-go/internal/core.NewClient.MustExtractDockerHost.func2()
	C:/Users/osse1/go/pkg/mod/github.com/testcontainers/testcontainers-go@v0.40.0/internal/core/docker_host.go:91 +0x72
sync.(*Once).doSlow(0x15f86a8, 0x243ad40)
	C:/Program Files (x86)/Go/src/sync/once.go:78 +0xa2
sync.(*Once).Do(0x15f86a8, 0x243ad40)
	C:/Program Files (x86)/Go/src/sync/once.go:69 +0x3d
github.com/testcontainers/testcontainers-go/internal/core.MustExtractDockerHost(...)
	C:/Users/osse1/go/pkg/mod/github.com/testcontainers/testcontainers-go@v0.40.0/internal/core/docker_host.go:88
github.com/testcontainers/testcontainers-go/internal/core.NewClient({0x11aac4c, 0x15f8340}, {0x0, 0x0, 0x0})
	C:/Users/osse1/go/pkg/mod/github.com/testcontainers/testcontainers-go@v0.40.0/internal/core/client.go:17 +0x9a
github.com/testcontainers/testcontainers-go.NewDockerClientWithOpts({0x11aac4c, 0x15f8340}, {0x0, 0x0, 0x0})
	C:/Users/osse1/go/pkg/mod/github.com/testcontainers/testcontainers-go@v0.40.0/docker_client.go:118 +0x91
github.com/testcontainers/testcontainers-go.NewDockerProvider({0x2409d80, 0x2, 0x2})
	C:/Users/osse1/go/pkg/mod/github.com/testcontainers/testcontainers-go@v0.40.0/provider.go:144 +0xf9
github.com/testcontainers/testcontainers-go.ProviderType.GetProvider(0x0, {0x243b670, 0x1, 0x1})
	C:/Users/osse1/go/pkg/mod/github.com/testcontainers/testcontainers-go@v0.40.0/provider.go:115 +0x952
github.com/testcontainers/testcontainers-go.GenericContainer({0x11aac4c, 0x15f8340}, {{{{0x0, 0x0}, {0x0, 0x0}, {0x0, 0x0}, {0x0, 0x0}, ...}, ...}, ...})
	C:/Users/osse1/go/pkg/mod/github.com/testcontainers/testcontainers-go@v0.40.0/generic.go:62 +0x153
github.com/testcontainers/testcontainers-go.Run({0x11aac4c, 0x15f8340}, {0x10c8621, 0x12}, {0x2605a80, 0x7, 0x8})
	C:/Users/osse1/go/pkg/mod/github.com/testcontainers/testcontainers-go@v0.40.0/generic.go:138 +0x1cc
github.com/testcontainers/testcontainers-go/modules/postgres.Run({0x11aac4c, 0x15f8340}, {0x10c8621, 0x12}, {0x246ff68, 0x4, 0x4})
	C:/Users/osse1/go/pkg/mod/github.com/testcontainers/testcontainers-go/modules/postgres@v0.40.0/postgres.go:167 +0x40d
github.com/osse101/BrandishBot_Go/internal/database/postgres.TestUserRepository_Integration(0x2461e68)
	D:/Workspace/BrandishBot_Go/internal/database/postgres/integration_test.go:29 +0x419
testing.tRunner(0x2461e68, 0x10f4124)
	C:/Program Files (x86)/Go/src/testing/testing.go:1934 +0xc2
created by testing.(*T).Run in goroutine 1
	C:/Program Files (x86)/Go/src/testing/testing.go:1997 +0x467
